

NPCI_INTE_SWIT_CHNN#terminal length 0
show interface Gi1/0/3
terminal length 0
NPCI_INTE_SWIT_CHNN#show interface Gi1/0/3
GigabitEthernet1/0/3 is up, line protocol is up (connected) 
  Hardware is Gigabit Ethernet, address is e4d3.f1bf.5203 (bia e4d3.f1bf.5203)
  Description: XXX connected to Smart event XXX
  MTU 1500 bytes, BW 1000000 Kbit/sec, DLY 10 usec, 
     reliability 255/255, txload 1/255, rxload 1/255
  Encapsulation ARPA, loopback not set
  Keepalive set (10 sec)
  Full-duplex, 1000Mb/s, media type is 10/100/1000BaseTX
  input flow-control is off, output flow-control is unsupported 
  ARP type: ARPA, ARP Timeout 04:00:00
  Last input never, output 00:00:00, output hang never
  Last clearing of "show interface" counters never
  Input queue: 0/75/0/0 (size/max/drops/flushes); Total output drops: 0
  Queueing strategy: fifo
  Output queue: 0/40 (size/max)
  5 minute input rate 12000 bits/sec, 10 packets/sec
  5 minute output rate 10000 bits/sec, 16 packets/sec
     36112551 packets input, 5381470436 bytes, 0 no buffer
     Received 4467677 broadcasts (4055840 multicasts)
     0 runts, 0 giants, 0 throttles
     0 input errors, 0 CRC, 0 frame, 0 overrun, 0 ignored
     0 watchdog, 4055840 multicast, 0 pause input
     0 input packets with dribble condition detected
     66116084 packets output, 5895734359 bytes, 0 underruns
     0 output errors, 0 collisions, 1 interface resets
     0 unknown protocol drops
     0 babbles, 0 late collision, 0 deferred
     0 lost carrier, 0 no carrier, 0 pause output
     0 output buffer failures, 0 output buffers swapped out
NPCI_INTE_SWIT_CHNN#terminal length 0
show interface Gi1/0/4
terminal length 0
NPCI_INTE_SWIT_CHNN#show interface Gi1/0/4
GigabitEthernet1/0/4 is up, line protocol is up (connected) 
  Hardware is Gigabit Ethernet, address is e4d3.f1bf.5204 (bia e4d3.f1bf.5204)
  Description: **** CONNECTED TO PRIMARY CHECKPOINT G1/0/4 FOR E-COM CONNECTIVITY ****
  MTU 1500 bytes, BW 1000000 Kbit/sec, DLY 10 usec, 
     reliability 255/255, txload 1/255, rxload 1/255
  Encapsulation ARPA, loopback not set
  Keepalive set (10 sec)
  Full-duplex, 1000Mb/s, media type is 10/100/1000BaseTX
  input flow-control is off, output flow-control is unsupported 
  ARP type: ARPA, ARP Timeout 04:00:00
  Last input never, output 00:00:01, output hang never
  Last clearing of "show interface" counters never
  Input queue: 0/75/0/0 (size/max/drops/flushes); Total output drops: 0
  Queueing strategy: fifo
  Output queue: 0/40 (size/max)
  5 minute input rate 5000 bits/sec, 7 packets/sec
  5 minute output rate 5000 bits/sec, 8 packets/sec
     30319536 packets input, 2698055762 bytes, 0 no buffer
     Received 30318034 broadcasts (30317018 multicasts)
     0 runts, 0 giants, 0 throttles
     0 input errors, 0 CRC, 0 frame, 0 overrun, 0 ignored
     0 watchdog, 30317018 multicast, 0 pause input
     0 input packets with dribble condition detected
     32874860 packets output, 2906675588 bytes, 0 underruns
     0 output errors, 0 collisions, 1 interface resets
     0 unknown protocol drops
     0 babbles, 0 late collision, 0 deferred
     0 lost carrier, 0 no carrier, 0 pause output
     0 output buffer failures, 0 output buffers swapped out
NPCI_INTE_SWIT_CHNN#terminal length 0
show interface Gi1/0/5
terminal length 0
NPCI_INTE_SWIT_CHNN#show interface Gi1/0/5
GigabitEthernet1/0/5 is up, line protocol is up (connected) 
  Hardware is Gigabit Ethernet, address is e4d3.f1bf.5205 (bia e4d3.f1bf.5205)
  Description: CONNECTED TO MANAGEMENT SERVER
  MTU 1500 bytes, BW 1000000 Kbit/sec, DLY 10 usec, 
     reliability 255/255, txload 1/255, rxload 1/255
  Encapsulation ARPA, loopback not set
  Keepalive set (10 sec)
  Full-duplex, 1000Mb/s, media type is 10/100/1000BaseTX
  input flow-control is off, output flow-control is unsupported 
  ARP type: ARPA, ARP Timeout 04:00:00
  Last input never, output 00:00:01, output hang never
  Last clearing of "show interface" counters never
  Input queue: 0/75/0/0 (size/max/drops/flushes); Total output drops: 0
  Queueing strategy: fifo
  Output queue: 0/40 (size/max)
  5 minute input rate 621000 bits/sec, 183 packets/sec
  5 minute output rate 1679000 bits/sec, 188 packets/sec
     1226745606 packets input, 877679379921 bytes, 0 no buffer
     Received 9 broadcasts (0 multicasts)
     0 runts, 0 giants, 0 throttles
     0 input errors, 0 CRC, 0 frame, 0 overrun, 0 ignored
     0 watchdog, 0 multicast, 0 pause input
     0 input packets with dribble condition detected
     864347097 packets output, 897940290886 bytes, 0 underruns
     0 output errors, 0 collisions, 1 interface resets
     0 unknown protocol drops
     0 babbles, 0 late collision, 0 deferred
     0 lost carrier, 0 no carrier, 0 pause output
     0 output buffer failures, 0 output buffers swapped out
NPCI_INTE_SWIT_CHNN#