
terminal length 0


gowtham@CTS_TDCB_MUM_RCOM_J> terminal
                             ^
unknown command.
gowtham@CTS_TDCB_MUM_RCOM_J> terminal   length
                             ^
unknown command.
gowtham@CTS_TDCB_MUM_RCOM_J> terminallength   0
                             ^
unknown command.

gowtham@CTS_TDCB_MUM_RCOM_J> show interface Eth1/1
show interfaces Eth1/1 
error: device Eth1/1 not found

gowtham@CTS_TDCB_MUM_RCOM_J> 


gowtham@CTS_TDCB_MUM_RCOM_J> show interface Eth1/1
show interfaces Eth1/1 
error: device Eth1/1 not found

gowtham@CTS_TDCB_MUM_RCOM_J> 


gowtham@CTS_TDCB_MUM_RCOM_J> show interface Eth1/1
show interfaces Eth1/1 
error: device Eth1/1 not found

gowtham@CTS_TDCB_MUM_RCOM_J> 


gowtham@CTS_TDCB_MUM_RCOM_J> show interface Eth1/1
show interfaces Eth1/1 
error: device Eth1/1 not found

gowtham@CTS_TDCB_MUM_RCOM_J> 



gowtham@CTS_TDCB_MUM_RCOM_J> 

gowtham@CTS_TDCB_MUM_RCOM_J> show interface Eth1/1
show interfaces Eth1/1 
error: device Eth1/1 not found

gowtham@CTS_TDCB_MUM_RCOM_J> 



gowtham@CTS_TDCB_MUM_RCOM_J> 


gowtham@CTS_TDCB_MUM_RCOM_J> 

gowtham@CTS_TDCB_MUM_RCOM_J> show interface ge-0/0/0
show interfaces ge-0/0/0 
Physical interface: ge-0/0/0, Enabled, Physical link is Up
  Interface index: 136, SNMP ifIndex: 514
  Description: **To_TATA-WAN-LINK**
  Link-level type: Ethernet, MTU: 1514, Link-mode: Full-duplex, Speed: 100mbps,
  BPDU Error: None, MAC-REWRITE Error: None, Loopback: Disabled,
  Source filtering: Disabled, Flow control: Disabled, Auto-negotiation: Enabled,
  Remote fault: Online
  Device flags   : Present Running
  Interface flags: SNMP-Traps Internal: 0x0
  Link flags     : None
  CoS queues     : 8 supported, 8 maximum usable queues
  Current address: 08:81:f4:cc:3c:80, Hardware address: 08:81:f4:cc:3c:80
  Last flapped   : 2017-09-23 16:49:38 HMT (1d 21:40 ago)
  Input rate     : 1240 bps (2 pps)
  Output rate    : 7448 bps (4 pps)
  Active alarms  : None
  Active defects : None
  Interface transmit statistics: Disabled

  Logical interface ge-0/0/0.0 (Index 75) (SNMP ifIndex 516) 
    Flags: SNMP-Traps 0x0 Encapsulation: ENET2
    Input packets : 949759 
    Output packets: 1135390
---(more)---



gowtham@CTS_TDCB_MUM_RCOM_J> 


gowtham@CTS_TDCB_MUM_RCOM_J> 

gowtham@CTS_TDCB_MUM_RCOM_J> show interface ge-0/0/0 | no-more
show interfaces ge-0/0/0 | no-more 
Physical interface: ge-0/0/0, Enabled, Physical link is Up
  Interface index: 136, SNMP ifIndex: 514
  Description: **To_TATA-WAN-LINK**
  Link-level type: Ethernet, MTU: 1514, Link-mode: Full-duplex, Speed: 100mbps,
  BPDU Error: None, MAC-REWRITE Error: None, Loopback: Disabled,
  Source filtering: Disabled, Flow control: Disabled, Auto-negotiation: Enabled,
  Remote fault: Online
  Device flags   : Present Running
  Interface flags: SNMP-Traps Internal: 0x0
  Link flags     : None
  CoS queues     : 8 supported, 8 maximum usable queues
  Current address: 08:81:f4:cc:3c:80, Hardware address: 08:81:f4:cc:3c:80
  Last flapped   : 2017-09-23 16:49:38 HMT (1d 21:40 ago)
  Input rate     : 2984 bps (4 pps)
  Output rate    : 6824 bps (5 pps)
  Active alarms  : None
  Active defects : None
  Interface transmit statistics: Disabled

  Logical interface ge-0/0/0.0 (Index 75) (SNMP ifIndex 516) 
    Flags: SNMP-Traps 0x0 Encapsulation: ENET2
    Input packets : 949967 
    Output packets: 1135741
    Security: Zone: untrust
    Allowed host-inbound traffic : bfd bgp dvmrp igmp ldp msdp nhrp ospf pgm
    pim rip router-discovery rsvp sap vrrp dhcp tftp ike ping snmp snmp-trap
    ssh telnet
    Protocol inet, MTU: 1500
      Flags: Sendbcast-pkt-to-re
      Addresses, Flags: Is-Preferred Is-Primary
        Destination: 192.168.88.240/30, Local: 192.168.88.242,
        Broadcast: 192.168.88.243

gowtham@CTS_TDCB_MUM_RCOM_J> 



gowtham@CTS_TDCB_MUM_RCOM_J> 


gowtham@CTS_TDCB_MUM_RCOM_J> 

gowtham@CTS_TDCB_MUM_RCOM_J> show interface ge-0/0/0 | no-more
show interfaces ge-0/0/0 | no-more 
Physical interface: ge-0/0/0, Enabled, Physical link is Up
  Interface index: 136, SNMP ifIndex: 514
  Description: **To_TATA-WAN-LINK**
  Link-level type: Ethernet, MTU: 1514, Link-mode: Full-duplex, Speed: 100mbps,
  BPDU Error: None, MAC-REWRITE Error: None, Loopback: Disabled,
  Source filtering: Disabled, Flow control: Disabled, Auto-negotiation: Enabled,
  Remote fault: Online
  Device flags   : Present Running
  Interface flags: SNMP-Traps Internal: 0x0
  Link flags     : None
  CoS queues     : 8 supported, 8 maximum usable queues
  Current address: 08:81:f4:cc:3c:80, Hardware address: 08:81:f4:cc:3c:80
  Last flapped   : 2017-09-23 16:49:38 HMT (1d 21:41 ago)
  Input rate     : 472 bps (0 pps)
  Output rate    : 1144 bps (0 pps)
  Active alarms  : None
  Active defects : None
  Interface transmit statistics: Disabled

  Logical interface ge-0/0/0.0 (Index 75) (SNMP ifIndex 516) 
    Flags: SNMP-Traps 0x0 Encapsulation: ENET2
    Input packets : 950099 
    Output packets: 1135973
    Security: Zone: untrust
    Allowed host-inbound traffic : bfd bgp dvmrp igmp ldp msdp nhrp ospf pgm
    pim rip router-discovery rsvp sap vrrp dhcp tftp ike ping snmp snmp-trap
    ssh telnet
    Protocol inet, MTU: 1500
      Flags: Sendbcast-pkt-to-re
      Addresses, Flags: Is-Preferred Is-Primary
        Destination: 192.168.88.240/30, Local: 192.168.88.242,
        Broadcast: 192.168.88.243

gowtham@CTS_TDCB_MUM_RCOM_J> 



gowtham@CTS_TDCB_MUM_RCOM_J> 


gowtham@CTS_TDCB_MUM_RCOM_J> 

gowtham@CTS_TDCB_MUM_RCOM_J> show interface ge-0/0/0 | no-more
show interfaces ge-0/0/0 | no-more 
Physical interface: ge-0/0/0, Enabled, Physical link is Up
  Interface index: 136, SNMP ifIndex: 514
  Description: **To_TATA-WAN-LINK**
  Link-level type: Ethernet, MTU: 1514, Link-mode: Full-duplex, Speed: 100mbps,
  BPDU Error: None, MAC-REWRITE Error: None, Loopback: Disabled,
  Source filtering: Disabled, Flow control: Disabled, Auto-negotiation: Enabled,
  Remote fault: Online
  Device flags   : Present Running
  Interface flags: SNMP-Traps Internal: 0x0
  Link flags     : None
  CoS queues     : 8 supported, 8 maximum usable queues
  Current address: 08:81:f4:cc:3c:80, Hardware address: 08:81:f4:cc:3c:80
  Last flapped   : 2017-09-23 16:49:38 HMT (1d 21:51 ago)
  Input rate     : 23472 bps (11 pps)
  Output rate    : 38792 bps (15 pps)
  Active alarms  : None
  Active defects : None
  Interface transmit statistics: Disabled

  Logical interface ge-0/0/0.0 (Index 75) (SNMP ifIndex 516) 
    Flags: SNMP-Traps 0x0 Encapsulation: ENET2
    Input packets : 950863 
    Output packets: 1136995
    Security: Zone: untrust
    Allowed host-inbound traffic : bfd bgp dvmrp igmp ldp msdp nhrp ospf pgm
    pim rip router-discovery rsvp sap vrrp dhcp tftp ike ping snmp snmp-trap
    ssh telnet
    Protocol inet, MTU: 1500
      Flags: Sendbcast-pkt-to-re
      Addresses, Flags: Is-Preferred Is-Primary
        Destination: 192.168.88.240/30, Local: 192.168.88.242,
        Broadcast: 192.168.88.243

gowtham@CTS_TDCB_MUM_RCOM_J> 



gowtham@CTS_TDCB_MUM_RCOM_J> 


gowtham@CTS_TDCB_MUM_RCOM_J> 

gowtham@CTS_TDCB_MUM_RCOM_J> show interface ge-0/0/0 | no-more
show interfaces ge-0/0/0 | no-more 
Physical interface: ge-0/0/0, Enabled, Physical link is Up
  Interface index: 136, SNMP ifIndex: 514
  Description: **To_TATA-WAN-LINK**
  Link-level type: Ethernet, MTU: 1514, Link-mode: Full-duplex, Speed: 100mbps,
  BPDU Error: None, MAC-REWRITE Error: None, Loopback: Disabled,
  Source filtering: Disabled, Flow control: Disabled, Auto-negotiation: Enabled,
  Remote fault: Online
  Device flags   : Present Running
  Interface flags: SNMP-Traps Internal: 0x0
  Link flags     : None
  CoS queues     : 8 supported, 8 maximum usable queues
  Current address: 08:81:f4:cc:3c:80, Hardware address: 08:81:f4:cc:3c:80
  Last flapped   : 2017-09-23 16:49:38 HMT (1d 21:51 ago)
  Input rate     : 2824 bps (5 pps)
  Output rate    : 6432 bps (5 pps)
  Active alarms  : None
  Active defects : None
  Interface transmit statistics: Disabled

  Logical interface ge-0/0/0.0 (Index 75) (SNMP ifIndex 516) 
    Flags: SNMP-Traps 0x0 Encapsulation: ENET2
    Input packets : 950962 
    Output packets: 1137200
    Security: Zone: untrust
    Allowed host-inbound traffic : bfd bgp dvmrp igmp ldp msdp nhrp ospf pgm
    pim rip router-discovery rsvp sap vrrp dhcp tftp ike ping snmp snmp-trap
    ssh telnet
    Protocol inet, MTU: 1500
      Flags: Sendbcast-pkt-to-re
      Addresses, Flags: Is-Preferred Is-Primary
        Destination: 192.168.88.240/30, Local: 192.168.88.242,
        Broadcast: 192.168.88.243

gowtham@CTS_TDCB_MUM_RCOM_J> 



gowtham@CTS_TDCB_MUM_RCOM_J> 


gowtham@CTS_TDCB_MUM_RCOM_J> 

gowtham@CTS_TDCB_MUM_RCOM_J> show interface ge-0/0/0 | no-more
show interfaces ge-0/0/0 | no-more 
Physical interface: ge-0/0/0, Enabled, Physical link is Up
  Interface index: 136, SNMP ifIndex: 514
  Description: **To_TATA-WAN-LINK**
  Link-level type: Ethernet, MTU: 1514, Link-mode: Full-duplex, Speed: 100mbps,
  BPDU Error: None, MAC-REWRITE Error: None, Loopback: Disabled,
  Source filtering: Disabled, Flow control: Disabled, Auto-negotiation: Enabled,
  Remote fault: Online
  Device flags   : Present Running
  Interface flags: SNMP-Traps Internal: 0x0
  Link flags     : None
  CoS queues     : 8 supported, 8 maximum usable queues
  Current address: 08:81:f4:cc:3c:80, Hardware address: 08:81:f4:cc:3c:80
  Last flapped   : 2017-09-23 16:49:38 HMT (1d 21:52 ago)
  Input rate     : 15680 bps (15 pps)
  Output rate    : 38200 bps (28 pps)
  Active alarms  : None
  Active defects : None
  Interface transmit statistics: Disabled

  Logical interface ge-0/0/0.0 (Index 75) (SNMP ifIndex 516) 
    Flags: SNMP-Traps 0x0 Encapsulation: ENET2
    Input packets : 951079 
    Output packets: 1137431
    Security: Zone: untrust
    Allowed host-inbound traffic : bfd bgp dvmrp igmp ldp msdp nhrp ospf pgm
    pim rip router-discovery rsvp sap vrrp dhcp tftp ike ping snmp snmp-trap
    ssh telnet
    Protocol inet, MTU: 1500
      Flags: Sendbcast-pkt-to-re
      Addresses, Flags: Is-Preferred Is-Primary
        Destination: 192.168.88.240/30, Local: 192.168.88.242,
        Broadcast: 192.168.88.243

gowtham@CTS_TDCB_MUM_RCOM_J> 



gowtham@CTS_TDCB_MUM_RCOM_J> 


gowtham@CTS_TDCB_MUM_RCOM_J> 

gowtham@CTS_TDCB_MUM_RCOM_J> show interface ge-0/0/0 | no-more
show interfaces ge-0/0/0 | no-more 
Physical interface: ge-0/0/0, Enabled, Physical link is Up
  Interface index: 136, SNMP ifIndex: 514
  Description: **To_TATA-WAN-LINK**
  Link-level type: Ethernet, MTU: 1514, Link-mode: Full-duplex, Speed: 100mbps,
  BPDU Error: None, MAC-REWRITE Error: None, Loopback: Disabled,
  Source filtering: Disabled, Flow control: Disabled, Auto-negotiation: Enabled,
  Remote fault: Online
  Device flags   : Present Running
  Interface flags: SNMP-Traps Internal: 0x0
  Link flags     : None
  CoS queues     : 8 supported, 8 maximum usable queues
  Current address: 08:81:f4:cc:3c:80, Hardware address: 08:81:f4:cc:3c:80
  Last flapped   : 2017-09-23 16:49:38 HMT (1d 22:03 ago)
  Input rate     : 3720 bps (8 pps)
  Output rate    : 11792 bps (10 pps)
  Active alarms  : None
  Active defects : None
  Interface transmit statistics: Disabled

  Logical interface ge-0/0/0.0 (Index 75) (SNMP ifIndex 516) 
    Flags: SNMP-Traps 0x0 Encapsulation: ENET2
    Input packets : 951927 
    Output packets: 1138497
    Security: Zone: untrust
    Allowed host-inbound traffic : bfd bgp dvmrp igmp ldp msdp nhrp ospf pgm
    pim rip router-discovery rsvp sap vrrp dhcp tftp ike ping snmp snmp-trap
    ssh telnet
    Protocol inet, MTU: 1500
      Flags: Sendbcast-pkt-to-re
      Addresses, Flags: Is-Preferred Is-Primary
        Destination: 192.168.88.240/30, Local: 192.168.88.242,
        Broadcast: 192.168.88.243

gowtham@CTS_TDCB_MUM_RCOM_J> 



gowtham@CTS_TDCB_MUM_RCOM_J> 


gowtham@CTS_TDCB_MUM_RCOM_J> 

gowtham@CTS_TDCB_MUM_RCOM_J> show interface ge-0/0/0 | no-more
show interfaces ge-0/0/0 | no-more 
Physical interface: ge-0/0/0, Enabled, Physical link is Up
  Interface index: 136, SNMP ifIndex: 514
  Description: **To_TATA-WAN-LINK**
  Link-level type: Ethernet, MTU: 1514, Link-mode: Full-duplex, Speed: 100mbps,
  BPDU Error: None, MAC-REWRITE Error: None, Loopback: Disabled,
  Source filtering: Disabled, Flow control: Disabled, Auto-negotiation: Enabled,
  Remote fault: Online
  Device flags   : Present Running
  Interface flags: SNMP-Traps Internal: 0x0
  Link flags     : None
  CoS queues     : 8 supported, 8 maximum usable queues
  Current address: 08:81:f4:cc:3c:80, Hardware address: 08:81:f4:cc:3c:80
  Last flapped   : 2017-09-23 16:49:38 HMT (1d 22:03 ago)
  Input rate     : 952 bps (0 pps)
  Output rate    : 5464 bps (2 pps)
  Active alarms  : None
  Active defects : None
  Interface transmit statistics: Disabled

  Logical interface ge-0/0/0.0 (Index 75) (SNMP ifIndex 516) 
    Flags: SNMP-Traps 0x0 Encapsulation: ENET2
    Input packets : 952021 
    Output packets: 1138704
    Security: Zone: untrust
    Allowed host-inbound traffic : bfd bgp dvmrp igmp ldp msdp nhrp ospf pgm
    pim rip router-discovery rsvp sap vrrp dhcp tftp ike ping snmp snmp-trap
    ssh telnet
    Protocol inet, MTU: 1500
      Flags: Sendbcast-pkt-to-re
      Addresses, Flags: Is-Preferred Is-Primary
        Destination: 192.168.88.240/30, Local: 192.168.88.242,
        Broadcast: 192.168.88.243

gowtham@CTS_TDCB_MUM_RCOM_J> 



gowtham@CTS_TDCB_MUM_RCOM_J> 


gowtham@CTS_TDCB_MUM_RCOM_J> 

gowtham@CTS_TDCB_MUM_RCOM_J> show interface ge-0/0/0 | no-more
show interfaces ge-0/0/0 | no-more 
Physical interface: ge-0/0/0, Enabled, Physical link is Up
  Interface index: 136, SNMP ifIndex: 514
  Description: **To_TATA-WAN-LINK**
  Link-level type: Ethernet, MTU: 1514, Link-mode: Full-duplex, Speed: 100mbps,
  BPDU Error: None, MAC-REWRITE Error: None, Loopback: Disabled,
  Source filtering: Disabled, Flow control: Disabled, Auto-negotiation: Enabled,
  Remote fault: Online
  Device flags   : Present Running
  Interface flags: SNMP-Traps Internal: 0x0
  Link flags     : None
  CoS queues     : 8 supported, 8 maximum usable queues
  Current address: 08:81:f4:cc:3c:80, Hardware address: 08:81:f4:cc:3c:80
  Last flapped   : 2017-09-23 16:49:38 HMT (1d 22:13 ago)
  Input rate     : 1808 bps (2 pps)
  Output rate    : 10280 bps (5 pps)
  Active alarms  : None
  Active defects : None
  Interface transmit statistics: Disabled

  Logical interface ge-0/0/0.0 (Index 75) (SNMP ifIndex 516) 
    Flags: SNMP-Traps 0x0 Encapsulation: ENET2
    Input packets : 952873 
    Output packets: 1139816
    Security: Zone: untrust
    Allowed host-inbound traffic : bfd bgp dvmrp igmp ldp msdp nhrp ospf pgm
    pim rip router-discovery rsvp sap vrrp dhcp tftp ike ping snmp snmp-trap
    ssh telnet
    Protocol inet, MTU: 1500
      Flags: Sendbcast-pkt-to-re
      Addresses, Flags: Is-Preferred Is-Primary
        Destination: 192.168.88.240/30, Local: 192.168.88.242,
        Broadcast: 192.168.88.243

gowtham@CTS_TDCB_MUM_RCOM_J> 



gowtham@CTS_TDCB_MUM_RCOM_J> 


gowtham@CTS_TDCB_MUM_RCOM_J> 

gowtham@CTS_TDCB_MUM_RCOM_J> show interface ge-0/0/0 | no-more
show interfaces ge-0/0/0 | no-more 
Physical interface: ge-0/0/0, Enabled, Physical link is Up
  Interface index: 136, SNMP ifIndex: 514
  Description: **To_TATA-WAN-LINK**
  Link-level type: Ethernet, MTU: 1514, Link-mode: Full-duplex, Speed: 100mbps,
  BPDU Error: None, MAC-REWRITE Error: None, Loopback: Disabled,
  Source filtering: Disabled, Flow control: Disabled, Auto-negotiation: Enabled,
  Remote fault: Online
  Device flags   : Present Running
  Interface flags: SNMP-Traps Internal: 0x0
  Link flags     : None
  CoS queues     : 8 supported, 8 maximum usable queues
  Current address: 08:81:f4:cc:3c:80, Hardware address: 08:81:f4:cc:3c:80
  Last flapped   : 2017-09-23 16:49:38 HMT (1d 22:15 ago)
  Input rate     : 6784 bps (15 pps)
  Output rate    : 45320 bps (34 pps)
  Active alarms  : None
  Active defects : None
  Interface transmit statistics: Disabled

  Logical interface ge-0/0/0.0 (Index 75) (SNMP ifIndex 516) 
    Flags: SNMP-Traps 0x0 Encapsulation: ENET2
    Input packets : 953041 
    Output packets: 1140105
    Security: Zone: untrust
    Allowed host-inbound traffic : bfd bgp dvmrp igmp ldp msdp nhrp ospf pgm
    pim rip router-discovery rsvp sap vrrp dhcp tftp ike ping snmp snmp-trap
    ssh telnet
    Protocol inet, MTU: 1500
      Flags: Sendbcast-pkt-to-re
      Addresses, Flags: Is-Preferred Is-Primary
        Destination: 192.168.88.240/30, Local: 192.168.88.242,
        Broadcast: 192.168.88.243

gowtham@CTS_TDCB_MUM_RCOM_J> 



gowtham@CTS_TDCB_MUM_RCOM_J> 


gowtham@CTS_TDCB_MUM_RCOM_J> 

gowtham@CTS_TDCB_MUM_RCOM_J> show interface ge-0/0/0 | no-more
show interfaces ge-0/0/0 | no-more 
Physical interface: ge-0/0/0, Enabled, Physical link is Up
  Interface index: 136, SNMP ifIndex: 514
  Description: **To_TATA-WAN-LINK**
  Link-level type: Ethernet, MTU: 1514, Link-mode: Full-duplex, Speed: 100mbps,
  BPDU Error: None, MAC-REWRITE Error: None, Loopback: Disabled,
  Source filtering: Disabled, Flow control: Disabled, Auto-negotiation: Enabled,
  Remote fault: Online
  Device flags   : Present Running
  Interface flags: SNMP-Traps Internal: 0x0
  Link flags     : None
  CoS queues     : 8 supported, 8 maximum usable queues
  Current address: 08:81:f4:cc:3c:80, Hardware address: 08:81:f4:cc:3c:80
  Last flapped   : 2017-09-23 16:49:38 HMT (1d 22:15 ago)
  Input rate     : 3728 bps (7 pps)
  Output rate    : 10776 bps (9 pps)
  Active alarms  : None
  Active defects : None
  Interface transmit statistics: Disabled

  Logical interface ge-0/0/0.0 (Index 75) (SNMP ifIndex 516) 
    Flags: SNMP-Traps 0x0 Encapsulation: ENET2
    Input packets : 953145 
    Output packets: 1140330
    Security: Zone: untrust
    Allowed host-inbound traffic : bfd bgp dvmrp igmp ldp msdp nhrp ospf pgm
    pim rip router-discovery rsvp sap vrrp dhcp tftp ike ping snmp snmp-trap
    ssh telnet
    Protocol inet, MTU: 1500
      Flags: Sendbcast-pkt-to-re
      Addresses, Flags: Is-Preferred Is-Primary
        Destination: 192.168.88.240/30, Local: 192.168.88.242,
        Broadcast: 192.168.88.243

gowtham@CTS_TDCB_MUM_RCOM_J> 



gowtham@CTS_TDCB_MUM_RCOM_J> 


gowtham@CTS_TDCB_MUM_RCOM_J> 

gowtham@CTS_TDCB_MUM_RCOM_J> show interface ge-0/0/0 | no-more
show interfaces ge-0/0/0 | no-more 
Physical interface: ge-0/0/0, Enabled, Physical link is Up
  Interface index: 136, SNMP ifIndex: 514
  Description: **To_TATA-WAN-LINK**
  Link-level type: Ethernet, MTU: 1514, Link-mode: Full-duplex, Speed: 100mbps,
  BPDU Error: None, MAC-REWRITE Error: None, Loopback: Disabled,
  Source filtering: Disabled, Flow control: Disabled, Auto-negotiation: Enabled,
  Remote fault: Online
  Device flags   : Present Running
  Interface flags: SNMP-Traps Internal: 0x0
  Link flags     : None
  CoS queues     : 8 supported, 8 maximum usable queues
  Current address: 08:81:f4:cc:3c:80, Hardware address: 08:81:f4:cc:3c:80
  Last flapped   : 2017-09-23 16:49:38 HMT (1d 22:16 ago)
  Input rate     : 2368 bps (2 pps)
  Output rate    : 3104 bps (1 pps)
  Active alarms  : None
  Active defects : None
  Interface transmit statistics: Disabled

  Logical interface ge-0/0/0.0 (Index 75) (SNMP ifIndex 516) 
    Flags: SNMP-Traps 0x0 Encapsulation: ENET2
    Input packets : 953242 
    Output packets: 1140519
    Security: Zone: untrust
    Allowed host-inbound traffic : bfd bgp dvmrp igmp ldp msdp nhrp ospf pgm
    pim rip router-discovery rsvp sap vrrp dhcp tftp ike ping snmp snmp-trap
    ssh telnet
    Protocol inet, MTU: 1500
      Flags: Sendbcast-pkt-to-re
      Addresses, Flags: Is-Preferred Is-Primary
        Destination: 192.168.88.240/30, Local: 192.168.88.242,
        Broadcast: 192.168.88.243

gowtham@CTS_TDCB_MUM_RCOM_J> 



gowtham@CTS_TDCB_MUM_RCOM_J> 


gowtham@CTS_TDCB_MUM_RCOM_J> 

gowtham@CTS_TDCB_MUM_RCOM_J> show interface ge-0/0/0 | no-more
show interfaces ge-0/0/0 | no-more 
Physical interface: ge-0/0/0, Enabled, Physical link is Up
  Interface index: 136, SNMP ifIndex: 514
  Description: **To_TATA-WAN-LINK**
  Link-level type: Ethernet, MTU: 1514, Link-mode: Full-duplex, Speed: 100mbps,
  BPDU Error: None, MAC-REWRITE Error: None, Loopback: Disabled,
  Source filtering: Disabled, Flow control: Disabled, Auto-negotiation: Enabled,
  Remote fault: Online
  Device flags   : Present Running
  Interface flags: SNMP-Traps Internal: 0x0
  Link flags     : None
  CoS queues     : 8 supported, 8 maximum usable queues
  Current address: 08:81:f4:cc:3c:80, Hardware address: 08:81:f4:cc:3c:80
  Last flapped   : 2017-09-23 16:49:38 HMT (1d 22:16 ago)
  Input rate     : 2256 bps (1 pps)
  Output rate    : 856 bps (0 pps)
  Active alarms  : None
  Active defects : None
  Interface transmit statistics: Disabled

  Logical interface ge-0/0/0.0 (Index 75) (SNMP ifIndex 516) 
    Flags: SNMP-Traps 0x0 Encapsulation: ENET2
    Input packets : 953373 
    Output packets: 1140760
    Security: Zone: untrust
    Allowed host-inbound traffic : bfd bgp dvmrp igmp ldp msdp nhrp ospf pgm
    pim rip router-discovery rsvp sap vrrp dhcp tftp ike ping snmp snmp-trap
    ssh telnet
    Protocol inet, MTU: 1500
      Flags: Sendbcast-pkt-to-re
      Addresses, Flags: Is-Preferred Is-Primary
        Destination: 192.168.88.240/30, Local: 192.168.88.242,
        Broadcast: 192.168.88.243

gowtham@CTS_TDCB_MUM_RCOM_J> 



gowtham@CTS_TDCB_MUM_RCOM_J> 


gowtham@CTS_TDCB_MUM_RCOM_J> 

gowtham@CTS_TDCB_MUM_RCOM_J> show interface ge-0/0/0 | no-more
show interfaces ge-0/0/0 | no-more 
Physical interface: ge-0/0/0, Enabled, Physical link is Up
  Interface index: 136, SNMP ifIndex: 514
  Description: **To_TATA-WAN-LINK**
  Link-level type: Ethernet, MTU: 1514, Link-mode: Full-duplex, Speed: 100mbps,
  BPDU Error: None, MAC-REWRITE Error: None, Loopback: Disabled,
  Source filtering: Disabled, Flow control: Disabled, Auto-negotiation: Enabled,
  Remote fault: Online
  Device flags   : Present Running
  Interface flags: SNMP-Traps Internal: 0x0
  Link flags     : None
  CoS queues     : 8 supported, 8 maximum usable queues
  Current address: 08:81:f4:cc:3c:80, Hardware address: 08:81:f4:cc:3c:80
  Last flapped   : 2017-09-23 16:49:38 HMT (1d 22:17 ago)
  Input rate     : 4024 bps (6 pps)
  Output rate    : 6728 bps (5 pps)
  Active alarms  : None
  Active defects : None
  Interface transmit statistics: Disabled

  Logical interface ge-0/0/0.0 (Index 75) (SNMP ifIndex 516) 
    Flags: SNMP-Traps 0x0 Encapsulation: ENET2
    Input packets : 953471 
    Output packets: 1140965
    Security: Zone: untrust
    Allowed host-inbound traffic : bfd bgp dvmrp igmp ldp msdp nhrp ospf pgm
    pim rip router-discovery rsvp sap vrrp dhcp tftp ike ping snmp snmp-trap
    ssh telnet
    Protocol inet, MTU: 1500
      Flags: Sendbcast-pkt-to-re
      Addresses, Flags: Is-Preferred Is-Primary
        Destination: 192.168.88.240/30, Local: 192.168.88.242,
        Broadcast: 192.168.88.243

gowtham@CTS_TDCB_MUM_RCOM_J> 